exports[`test renders no statements when no statements are present 1`] = `
<ul
  className="StatementsList" />
`;

exports[`test renders three statements when three statements are present 1`] = `
<ul
  className="StatementsList">
  <li
    className="item">
    <p>
      <span>
        foo@bar.com
      </span>
       
      <strong>
        created
      </strong>
       
      <span>
        Chapter
      </span>
    </p>
  </li>
  <li
    className="item">
    <p>
      <span>
        bar@foo.com
      </span>
       
      <strong>
        updated
      </strong>
       
      <span>
        Space
      </span>
    </p>
  </li>
  <li
    className="item">
    <p>
      <span>
        foo@bar.com
      </span>
       
      <strong>
        created
      </strong>
       
      <span>
        Portrait
      </span>
    </p>
  </li>
</ul>
`;
