exports[`<StatementList /> renders no statements when no statements are present 1`] = `
<ul
  className="StatementsList" />
`;

exports[`<StatementList /> renders three statements when three statements are present 1`] = `
<ul
  className="StatementsList">
  <li
    className="item" />
  <li
    className="item" />
  <li
    className="item" />
</ul>
`;
